
> server@1.0.0 test
> vitest --run


[1m[46m RUN [49m[22m [36mv4.1.2 [39m[90mC:/Users/jarif/OneDrive/Documents/nexcart[39m

node.exe : (node:13572) [DEP0169] 
DeprecationWarning: `url.parse()` 
behavior is not standardized and prone 
to errors that have security 
implications. Use the WHATWG URL API 
instead. CVEs are not issued for 
`url.parse()` vulnerabilities.
At line:1 char:1
+ & "C:\Program Files\nodejs/node.exe" 
"C:\Users\jarif\AppData\Roaming\ ...
+ ~~~~~~~~~~~~~~~~~~~~~~~~~~~~~~~~~~~~~~
~~~~~~~~~~~~~~~~~~~~~~~~~~~~~~~
    + CategoryInfo          : NotSpecif 
   ied: ((node:13572) [D...ulnerabilit  
  ies.:String) [], RemoteException
    + FullyQualifiedErrorId : NativeCom 
   mandError
 
(Use `node --trace-deprecation ...` to 
show where the warning was created)
 [31mΓ¥»[39m src/tests/order.test.ts [2m([22m[2m11 tests[22m[2m | [22m[33m11 skipped[39m[2m)[22m[32m 300[2mms[22m[39m
     [2m[90mΓåô[39m[22m creates an order from cart
     [2m[90mΓåô[39m[22m rejects checkout with empty cart
     [2m[90mΓåô[39m[22m rejects invalid addressId
     [2m[90mΓåô[39m[22m returns buyer order history
     [2m[90mΓåô[39m[22m returns order by id
     [2m[90mΓåô[39m[22m rejects access to another user's order
     [2m[90mΓåô[39m[22m GET /api/shops/mine/orders ΓÇö returns shop orders
     [2m[90mΓåô[39m[22m PUT /api/shops/mine/orders/:id ΓÇö confirms order
     [2m[90mΓåô[39m[22m rejects invalid transition
     [2m[90mΓåô[39m[22m GET /api/admin/orders ΓÇö returns all orders
     [2m[90mΓåô[39m[22m PUT /api/admin/orders/:id ΓÇö updates order status
(node:4856) [DEP0169] 
DeprecationWarning: `url.parse()` 
behavior is not standardized and prone 
to errors that have security 
implications. Use the WHATWG URL API 
instead. CVEs are not issued for 
`url.parse()` vulnerabilities.
(Use `node --trace-deprecation ...` to 
show where the warning was created)
 [31mΓ¥»[39m src/tests/product.test.ts [2m([22m[2m13 tests[22m[2m | [22m[33m13 skipped[39m[2m)[22m[32m 174[2mms[22m[39m
     [2m[90mΓåô[39m[22m creates a product
     [2m[90mΓåô[39m[22m rejects duplicate product name
     [2m[90mΓåô[39m[22m returns seller products
     [2m[90mΓåô[39m[22m returns active products
     [2m[90mΓåô[39m[22m filters by search
     [2m[90mΓåô[39m[22m filters by minPrice/maxPrice
     [2m[90mΓåô[39m[22m returns product by slug
     [2m[90mΓåô[39m[22m returns 404 for unknown slug
     [2m[90mΓåô[39m[22m updates a product
     [2m[90mΓåô[39m[22m GET /api/shops/mine/products/:id/inventory ΓÇö returns inventory
     [2m[90mΓåô[39m[22m PUT /api/shops/mine/products/:id/inventory ΓÇö updates stock
     [2m[90mΓåô[39m[22m soft-deletes a product
     [2m[90mΓåô[39m[22m product no longer appears in public catalog
(node:16396) [DEP0169] 
DeprecationWarning: `url.parse()` 
behavior is not standardized and prone 
to errors that have security 
implications. Use the WHATWG URL API 
instead. CVEs are not issued for 
`url.parse()` vulnerabilities.
(Use `node --trace-deprecation ...` to 
show where the warning was created)
 [31mΓ¥»[39m src/tests/cart.test.ts [2m([22m[2m7 tests[22m[2m | [22m[33m7 skipped[39m[2m)[22m[32m 178[2mms[22m[39m
     [2m[90mΓåô[39m[22m returns empty cart for new user
     [2m[90mΓåô[39m[22m adds item to cart
     [2m[90mΓåô[39m[22m rejects quantity exceeding stock
     [2m[90mΓåô[39m[22m rejects unknown product
     [2m[90mΓåô[39m[22m updates cart item quantity
     [2m[90mΓåô[39m[22m removes item from cart
     [2m[90mΓåô[39m[22m clears the cart
(node:3528) [DEP0169] 
DeprecationWarning: `url.parse()` 
behavior is not standardized and prone 
to errors that have security 
implications. Use the WHATWG URL API 
instead. CVEs are not issued for 
`url.parse()` vulnerabilities.
(Use `node --trace-deprecation ...` to 
show where the warning was created)
 [31mΓ¥»[39m src/tests/review.test.ts [2m([22m[2m7 tests[22m[2m | [22m[33m7 skipped[39m[2m)[22m[32m 168[2mms[22m[39m
     [2m[90mΓåô[39m[22m returns empty reviews list
     [2m[90mΓåô[39m[22m returns 404 for unknown product
     [2m[90mΓåô[39m[22m submits a review
     [2m[90mΓåô[39m[22m rejects duplicate review from same user
     [2m[90mΓåô[39m[22m rejects rating out of range
     [2m[90mΓåô[39m[22m rejects deletion by non-owner
     [2m[90mΓåô[39m[22m deletes own review
(node:17712) [DEP0169] 
DeprecationWarning: `url.parse()` 
behavior is not standardized and prone 
to errors that have security 
implications. Use the WHATWG URL API 
instead. CVEs are not issued for 
`url.parse()` vulnerabilities.
(Use `node --trace-deprecation ...` to 
show where the warning was created)
 [31mΓ¥»[39m src/tests/users.test.ts [2m([22m[2m11 tests[22m[2m | [22m[33m11 skipped[39m[2m)[22m[32m 163[2mms[22m[39m
     [2m[90mΓåô[39m[22m returns current user
     [2m[90mΓåô[39m[22m rejects unauthenticated request
     [2m[90mΓåô[39m[22m updates name
     [2m[90mΓåô[39m[22m rejects empty body
     [2m[90mΓåô[39m[22m updates password with correct current password
     [2m[90mΓåô[39m[22m rejects wrong current password
     [2m[90mΓåô[39m[22m POST /api/users/me/addresses ΓÇö adds an address
     [2m[90mΓåô[39m[22m GET /api/users/me/addresses ΓÇö lists addresses
     [2m[90mΓåô[39m[22m PUT /api/users/me/addresses/:id ΓÇö updates address
     [2m[90mΓåô[39m[22m DELETE /api/users/me/addresses/:id ΓÇö deletes address
     [2m[90mΓåô[39m[22m returns 404 for non-existent address
(node:12940) [DEP0169] 
DeprecationWarning: `url.parse()` 
behavior is not standardized and prone 
to errors that have security 
implications. Use the WHATWG URL API 
instead. CVEs are not issued for 
`url.parse()` vulnerabilities.
(Use `node --trace-deprecation ...` to 
show where the warning was created)
 [31mΓ¥»[39m src/tests/auth.test.ts [2m([22m[2m10 tests[22m[2m | [22m[33m10 skipped[39m[2m)[22m[32m 244[2mms[22m[39m
     [2m[90mΓåô[39m[22m registers a new user
     [2m[90mΓåô[39m[22m rejects duplicate email
     [2m[90mΓåô[39m[22m rejects invalid email
     [2m[90mΓåô[39m[22m rejects short password
     [2m[90mΓåô[39m[22m logs in with valid credentials
     [2m[90mΓåô[39m[22m rejects wrong password
     [2m[90mΓåô[39m[22m rejects unknown email
     [2m[90mΓåô[39m[22m returns a new access token
     [2m[90mΓåô[39m[22m rejects invalid refresh token
     [2m[90mΓåô[39m[22m logs out successfully
(node:3628) [DEP0169] 
DeprecationWarning: `url.parse()` 
behavior is not standardized and prone 
to errors that have security 
implications. Use the WHATWG URL API 
instead. CVEs are not issued for 
`url.parse()` vulnerabilities.
(Use `node --trace-deprecation ...` to 
show where the warning was created)
 [31mΓ¥»[39m src/tests/shop.test.ts [2m([22m[2m9 tests[22m[2m | [22m[33m9 skipped[39m[2m)[22m[32m 165[2mms[22m[39m
     [2m[90mΓåô[39m[22m creates a shop
     [2m[90mΓåô[39m[22m rejects creating a second shop
     [2m[90mΓåô[39m[22m returns own shop
     [2m[90mΓåô[39m[22m updates own shop
     [2m[90mΓåô[39m[22m returns 404 for PENDING shop
     [2m[90mΓåô[39m[22m returns shop after approval
     [2m[90mΓåô[39m[22m GET /api/admin/shops ΓÇö lists all shops
     [2m[90mΓåô[39m[22m PUT /api/admin/shops/:id/suspend ΓÇö suspends a shop
     [2m[90mΓåô[39m[22m rejects non-admin access
(node:18596) [DEP0169] 
DeprecationWarning: `url.parse()` 
behavior is not standardized and prone 
to errors that have security 
implications. Use the WHATWG URL API 
instead. CVEs are not issued for 
`url.parse()` vulnerabilities.
(Use `node --trace-deprecation ...` to 
show where the warning was created)
 [31mΓ¥»[39m src/tests/payment.test.ts [2m([22m[2m4 tests[22m[2m | [22m[33m4 skipped[39m[2m)[22m[32m 187[2mms[22m[39m
     [2m[90mΓåô[39m[22m records a payment
     [2m[90mΓåô[39m[22m rejects duplicate payment
     [2m[90mΓåô[39m[22m returns payment for order
     [2m[90mΓåô[39m[22m returns 404 for order with no payment
(node:14444) [DEP0169] 
DeprecationWarning: `url.parse()` 
behavior is not standardized and prone 
to errors that have security 
implications. Use the WHATWG URL API 
instead. CVEs are not issued for 
`url.parse()` vulnerabilities.
(Use `node --trace-deprecation ...` to 
show where the warning was created)
 [31mΓ¥»[39m src/tests/category.test.ts [2m([22m[2m8 tests[22m[2m | [22m[33m8 skipped[39m[2m)[22m[32m 167[2mms[22m[39m
     [2m[90mΓåô[39m[22m returns empty list initially
     [2m[90mΓåô[39m[22m creates a category (admin)
     [2m[90mΓåô[39m[22m rejects duplicate name
     [2m[90mΓåô[39m[22m rejects unauthenticated request
     [2m[90mΓåô[39m[22m returns category by slug
     [2m[90mΓåô[39m[22m returns 404 for unknown slug
     [2m[90mΓåô[39m[22m updates a category (admin)
     [2m[90mΓåô[39m[22m deletes a category (admin)

[31mΓÄ»ΓÄ»ΓÄ»ΓÄ»ΓÄ»ΓÄ»[39m[1m[41m 
Failed Suites 9 [49m[22m[31mΓÄ»ΓÄ»ΓÄ»
ΓÄ»ΓÄ»ΓÄ»ΓÄ»[39m

[41m[1m FAIL [22m[49m 
src/tests/auth.test.ts[2m [ 
src/tests/auth.test.ts ][22m
[31m[1mPrismaClientKnownRequestError[
22m: 
Invalid `prisma.review.deleteMany()` 
invocation in
C:/Users/jarif/OneDrive/Documents/nexcar
t/src/tests/helpers.ts:10:23

   7 // ΓöÇΓöÇΓöÇ DB cleanup ΓöÇΓöÇΓöÇΓö
ÇΓöÇΓöÇΓöÇΓöÇΓöÇΓöÇΓöÇΓöÇΓöÇΓöÇΓöÇΓöÇΓöÇ
ΓöÇΓöÇΓöÇΓöÇΓöÇΓöÇΓöÇΓöÇΓöÇΓöÇΓöÇΓöÇΓöÇΓ
öÇΓöÇΓöÇΓöÇΓöÇΓöÇΓöÇΓöÇΓöÇΓöÇΓöÇΓöÇΓöÇΓö
ÇΓöÇΓöÇΓöÇΓöÇΓöÇΓöÇΓöÇΓöÇΓöÇΓöÇΓöÇΓöÇΓöÇ
ΓöÇΓöÇΓöÇΓöÇΓöÇΓöÇ
   8 
   9 export const cleanDb = async () => 
{
ΓåÆ 10   await prisma.review.deleteMany(
Authentication failed against the 
database server, the provided database 
credentials for `postgres` are not 
valid[39m
[90m [2mΓ¥»[22m 
Gr.handleRequestError node_modules/@pris
ma/client/src/runtime/RequestHandler.ts:
[2m237:12[22m[39m
[90m [2mΓ¥»[22m 
Gr.handleAndLogRequestError node_modules
/@prisma/client/src/runtime/RequestHandl
er.ts:[2m183:11[22m[39m
[90m [2mΓ¥»[22m Gr.request node_modul
es/@prisma/client/src/runtime/RequestHan
dler.ts:[2m152:11[22m[39m
[90m [2mΓ¥»[22m a node_modules/@prism
a/client/src/runtime/getPrismaClient.ts:
[2m938:23[22m[39m
[36m [2mΓ¥»[22m cleanDb 
src/tests/helpers.ts:[2m10:3[22m[39m
    [90m  8|[39m
    [90m  9|[39m [35mexport[39m 
[35mconst[39m cleanDb [33m=[39m 
[35masync[39m () [33m=>[39m {
    [90m 10|[39m   [35mawait[39m pri
sma[33m.[39mreview[33m.[39m[34mdele
teMany[39m()[33m;[39m
    [90m   |[39m   [31m^[39m
    [90m 11|[39m   [35mawait[39m pri
sma[33m.[39mpayment[33m.[39m[34mdel
eteMany[39m()[33m;[39m
    [90m 12|[39m   [35mawait[39m pri
sma[33m.[39morderItem[33m.[39m[34md
eleteMany[39m()[33m;[39m
[90m [2mΓ¥»[22m src/tests/auth.test.t
s:[2m4:25[22m[39m

[31m[2mΓÄ»ΓÄ»ΓÄ»ΓÄ»ΓÄ»ΓÄ»ΓÄ»ΓÄ»ΓÄ»ΓÄ»Γ
Ä»ΓÄ»ΓÄ»ΓÄ»ΓÄ»ΓÄ»ΓÄ»ΓÄ»ΓÄ»ΓÄ»ΓÄ»ΓÄ»ΓÄ»[1
/18]ΓÄ»[22m[39m

[41m[1m FAIL [22m[49m 
src/tests/auth.test.ts[2m [ 
src/tests/auth.test.ts ][22m
[31m[1mPrismaClientKnownRequestError[
22m: 
Invalid `prisma.review.deleteMany()` 
invocation in
C:/Users/jarif/OneDrive/Documents/nexcar
t/src/tests/helpers.ts:10:23

   7 // ΓöÇΓöÇΓöÇ DB cleanup ΓöÇΓöÇΓöÇΓö
ÇΓöÇΓöÇΓöÇΓöÇΓöÇΓöÇΓöÇΓöÇΓöÇΓöÇΓöÇΓöÇΓöÇ
ΓöÇΓöÇΓöÇΓöÇΓöÇΓöÇΓöÇΓöÇΓöÇΓöÇΓöÇΓöÇΓöÇΓ
öÇΓöÇΓöÇΓöÇΓöÇΓöÇΓöÇΓöÇΓöÇΓöÇΓöÇΓöÇΓöÇΓö
ÇΓöÇΓöÇΓöÇΓöÇΓöÇΓöÇΓöÇΓöÇΓöÇΓöÇΓöÇΓöÇΓöÇ
ΓöÇΓöÇΓöÇΓöÇΓöÇΓöÇ
   8 
   9 export const cleanDb = async () => 
{
ΓåÆ 10   await prisma.review.deleteMany(
Authentication failed against the 
database server, the provided database 
credentials for `postgres` are not 
valid[39m
[90m [2mΓ¥»[22m 
Gr.handleRequestError node_modules/@pris
ma/client/src/runtime/RequestHandler.ts:
[2m237:12[22m[39m
[90m [2mΓ¥»[22m 
Gr.handleAndLogRequestError node_modules
/@prisma/client/src/runtime/RequestHandl
er.ts:[2m183:11[22m[39m
[90m [2mΓ¥»[22m Gr.request node_modul
es/@prisma/client/src/runtime/RequestHan
dler.ts:[2m152:11[22m[39m
[90m [2mΓ¥»[22m a node_modules/@prism
a/client/src/runtime/getPrismaClient.ts:
[2m938:23[22m[39m
[36m [2mΓ¥»[22m cleanDb 
src/tests/helpers.ts:[2m10:3[22m[39m
    [90m  8|[39m
    [90m  9|[39m [35mexport[39m 
[35mconst[39m cleanDb [33m=[39m 
[35masync[39m () [33m=>[39m {
    [90m 10|[39m   [35mawait[39m pri
sma[33m.[39mreview[33m.[39m[34mdele
teMany[39m()[33m;[39m
    [90m   |[39m   [31m^[39m
    [90m 11|[39m   [35mawait[39m pri
sma[33m.[39mpayment[33m.[39m[34mdel
eteMany[39m()[33m;[39m
    [90m 12|[39m   [35mawait[39m pri
sma[33m.[39morderItem[33m.[39m[34md
eleteMany[39m()[33m;[39m
[90m [2mΓ¥»[22m src/tests/auth.test.t
s:[2m5:24[22m[39m

[31m[2mΓÄ»ΓÄ»ΓÄ»ΓÄ»ΓÄ»ΓÄ»ΓÄ»ΓÄ»ΓÄ»ΓÄ»Γ
Ä»ΓÄ»ΓÄ»ΓÄ»ΓÄ»ΓÄ»ΓÄ»ΓÄ»ΓÄ»ΓÄ»ΓÄ»ΓÄ»ΓÄ»[2
/18]ΓÄ»[22m[39m

[41m[1m FAIL [22m[49m 
src/tests/cart.test.ts[2m [ 
src/tests/cart.test.ts ][22m
[31m[1mPrismaClientKnownRequestError[
22m: 
Invalid `prisma.review.deleteMany()` 
invocation in
C:/Users/jarif/OneDrive/Documents/nexcar
t/src/tests/helpers.ts:10:23

   7 // ΓöÇΓöÇΓöÇ DB cleanup ΓöÇΓöÇΓöÇΓö
ÇΓöÇΓöÇΓöÇΓöÇΓöÇΓöÇΓöÇΓöÇΓöÇΓöÇΓöÇΓöÇΓöÇ
ΓöÇΓöÇΓöÇΓöÇΓöÇΓöÇΓöÇΓöÇΓöÇΓöÇΓöÇΓöÇΓöÇΓ
öÇΓöÇΓöÇΓöÇΓöÇΓöÇΓöÇΓöÇΓöÇΓöÇΓöÇΓöÇΓöÇΓö
ÇΓöÇΓöÇΓöÇΓöÇΓöÇΓöÇΓöÇΓöÇΓöÇΓöÇΓöÇΓöÇΓöÇ
ΓöÇΓöÇΓöÇΓöÇΓöÇΓöÇ
   8 
   9 export const cleanDb = async () => 
{
ΓåÆ 10   await prisma.review.deleteMany(
Authentication failed against the 
database server, the provided database 
credentials for `postgres` are not 
valid[39m
[90m [2mΓ¥»[22m 
Gr.handleRequestError node_modules/@pris
ma/client/src/runtime/RequestHandler.ts:
[2m237:12[22m[39m
[90m [2mΓ¥»[22m 
Gr.handleAndLogRequestError node_modules
/@prisma/client/src/runtime/RequestHandl
er.ts:[2m183:11[22m[39m
[90m [2mΓ¥»[22m Gr.request node_modul
es/@prisma/client/src/runtime/RequestHan
dler.ts:[2m152:11[22m[39m
[90m [2mΓ¥»[22m a node_modules/@prism
a/client/src/runtime/getPrismaClient.ts:
[2m938:23[22m[39m
[36m [2mΓ¥»[22m cleanDb 
src/tests/helpers.ts:[2m10:3[22m[39m
    [90m  8|[39m
    [90m  9|[39m [35mexport[39m 
[35mconst[39m cleanDb [33m=[39m 
[35masync[39m () [33m=>[39m {
    [90m 10|[39m   [35mawait[39m pri
sma[33m.[39mreview[33m.[39m[34mdele
teMany[39m()[33m;[39m
    [90m   |[39m   [31m^[39m
    [90m 11|[39m   [35mawait[39m pri
sma[33m.[39mpayment[33m.[39m[34mdel
eteMany[39m()[33m;[39m
    [90m 12|[39m   [35mawait[39m pri
sma[33m.[39morderItem[33m.[39m[34md
eleteMany[39m()[33m;[39m
[90m [2mΓ¥»[22m 
src/tests/cart.test.ts:[2m9:3[22m[39m

[31m[2mΓÄ»ΓÄ»ΓÄ»ΓÄ»ΓÄ»ΓÄ»ΓÄ»ΓÄ»ΓÄ»ΓÄ»Γ
Ä»ΓÄ»ΓÄ»ΓÄ»ΓÄ»ΓÄ»ΓÄ»ΓÄ»ΓÄ»ΓÄ»ΓÄ»ΓÄ»ΓÄ»[3
/18]ΓÄ»[22m[39m

[41m[1m FAIL [22m[49m 
src/tests/cart.test.ts[2m [ 
src/tests/cart.test.ts ][22m
[31m[1mPrismaClientKnownRequestError[
22m: 
Invalid `prisma.review.deleteMany()` 
invocation in
C:/Users/jarif/OneDrive/Documents/nexcar
t/src/tests/helpers.ts:10:23

   7 // ΓöÇΓöÇΓöÇ DB cleanup ΓöÇΓöÇΓöÇΓö
ÇΓöÇΓöÇΓöÇΓöÇΓöÇΓöÇΓöÇΓöÇΓöÇΓöÇΓöÇΓöÇΓöÇ
ΓöÇΓöÇΓöÇΓöÇΓöÇΓöÇΓöÇΓöÇΓöÇΓöÇΓöÇΓöÇΓöÇΓ
öÇΓöÇΓöÇΓöÇΓöÇΓöÇΓöÇΓöÇΓöÇΓöÇΓöÇΓöÇΓöÇΓö
ÇΓöÇΓöÇΓöÇΓöÇΓöÇΓöÇΓöÇΓöÇΓöÇΓöÇΓöÇΓöÇΓöÇ
ΓöÇΓöÇΓöÇΓöÇΓöÇΓöÇ
   8 
   9 export const cleanDb = async () => 
{
ΓåÆ 10   await prisma.review.deleteMany(
Authentication failed against the 
database server, the provided database 
credentials for `postgres` are not 
valid[39m
[90m [2mΓ¥»[22m 
Gr.handleRequestError node_modules/@pris
ma/client/src/runtime/RequestHandler.ts:
[2m237:12[22m[39m
[90m [2mΓ¥»[22m 
Gr.handleAndLogRequestError node_modules
/@prisma/client/src/runtime/RequestHandl
er.ts:[2m183:11[22m[39m
[90m [2mΓ¥»[22m Gr.request node_modul
es/@prisma/client/src/runtime/RequestHan
dler.ts:[2m152:11[22m[39m
[90m [2mΓ¥»[22m a node_modules/@prism
a/client/src/runtime/getPrismaClient.ts:
[2m938:23[22m[39m
[36m [2mΓ¥»[22m cleanDb 
src/tests/helpers.ts:[2m10:3[22m[39m
    [90m  8|[39m
    [90m  9|[39m [35mexport[39m 
[35mconst[39m cleanDb [33m=[39m 
[35masync[39m () [33m=>[39m {
    [90m 10|[39m   [35mawait[39m pri
sma[33m.[39mreview[33m.[39m[34mdele
teMany[39m()[33m;[39m
    [90m   |[39m   [31m^[39m
    [90m 11|[39m   [35mawait[39m pri
sma[33m.[39mpayment[33m.[39m[34mdel
eteMany[39m()[33m;[39m
    [90m 12|[39m   [35mawait[39m pri
sma[33m.[39morderItem[33m.[39m[34md
eleteMany[39m()[33m;[39m
[90m [2mΓ¥»[22m src/tests/cart.test.t
s:[2m51:24[22m[39m

[31m[2mΓÄ»ΓÄ»ΓÄ»ΓÄ»ΓÄ»ΓÄ»ΓÄ»ΓÄ»ΓÄ»ΓÄ»Γ
Ä»ΓÄ»ΓÄ»ΓÄ»ΓÄ»ΓÄ»ΓÄ»ΓÄ»ΓÄ»ΓÄ»ΓÄ»ΓÄ»ΓÄ»[4
/18]ΓÄ»[22m[39m

[41m[1m FAIL [22m[49m 
src/tests/category.test.ts[2m [ 
src/tests/category.test.ts ][22m
[31m[1mPrismaClientKnownRequestError[
22m: 
Invalid `prisma.review.deleteMany()` 
invocation in
C:/Users/jarif/OneDrive/Documents/nexcar
t/src/tests/helpers.ts:10:23

   7 // ΓöÇΓöÇΓöÇ DB cleanup ΓöÇΓöÇΓöÇΓö
ÇΓöÇΓöÇΓöÇΓöÇΓöÇΓöÇΓöÇΓöÇΓöÇΓöÇΓöÇΓöÇΓöÇ
ΓöÇΓöÇΓöÇΓöÇΓöÇΓöÇΓöÇΓöÇΓöÇΓöÇΓöÇΓöÇΓöÇΓ
öÇΓöÇΓöÇΓöÇΓöÇΓöÇΓöÇΓöÇΓöÇΓöÇΓöÇΓöÇΓöÇΓö
ÇΓöÇΓöÇΓöÇΓöÇΓöÇΓöÇΓöÇΓöÇΓöÇΓöÇΓöÇΓöÇΓöÇ
ΓöÇΓöÇΓöÇΓöÇΓöÇΓöÇ
   8 
   9 export const cleanDb = async () => 
{
ΓåÆ 10   await prisma.review.deleteMany(
Authentication failed against the 
database server, the provided database 
credentials for `postgres` are not 
valid[39m
[90m [2mΓ¥»[22m 
Gr.handleRequestError node_modules/@pris
ma/client/src/runtime/RequestHandler.ts:
[2m237:12[22m[39m
[90m [2mΓ¥»[22m 
Gr.handleAndLogRequestError node_modules
/@prisma/client/src/runtime/RequestHandl
er.ts:[2m183:11[22m[39m
[90m [2mΓ¥»[22m Gr.request node_modul
es/@prisma/client/src/runtime/RequestHan
dler.ts:[2m152:11[22m[39m
[90m [2mΓ¥»[22m a node_modules/@prism
a/client/src/runtime/getPrismaClient.ts:
[2m938:23[22m[39m
[36m [2mΓ¥»[22m cleanDb 
src/tests/helpers.ts:[2m10:3[22m[39m
    [90m  8|[39m
    [90m  9|[39m [35mexport[39m 
[35mconst[39m cleanDb [33m=[39m 
[35masync[39m () [33m=>[39m {
    [90m 10|[39m   [35mawait[39m pri
sma[33m.[39mreview[33m.[39m[34mdele
teMany[39m()[33m;[39m
    [90m   |[39m   [31m^[39m
    [90m 11|[39m   [35mawait[39m pri
sma[33m.[39mpayment[33m.[39m[34mdel
eteMany[39m()[33m;[39m
    [90m 12|[39m   [35mawait[39m pri
sma[33m.[39morderItem[33m.[39m[34md
eleteMany[39m()[33m;[39m
[90m [2mΓ¥»[22m src/tests/category.te
st.ts:[2m9:3[22m[39m

[31m[2mΓÄ»ΓÄ»ΓÄ»ΓÄ»ΓÄ»ΓÄ»ΓÄ»ΓÄ»ΓÄ»ΓÄ»Γ
Ä»ΓÄ»ΓÄ»ΓÄ»ΓÄ»ΓÄ»ΓÄ»ΓÄ»ΓÄ»ΓÄ»ΓÄ»ΓÄ»ΓÄ»[5
/18]ΓÄ»[22m[39m

[41m[1m FAIL [22m[49m 
src/tests/category.test.ts[2m [ 
src/tests/category.test.ts ][22m
[31m[1mPrismaClientKnownRequestError[
22m: 
Invalid `prisma.review.deleteMany()` 
invocation in
C:/Users/jarif/OneDrive/Documents/nexcar
t/src/tests/helpers.ts:10:23

   7 // ΓöÇΓöÇΓöÇ DB cleanup ΓöÇΓöÇΓöÇΓö
ÇΓöÇΓöÇΓöÇΓöÇΓöÇΓöÇΓöÇΓöÇΓöÇΓöÇΓöÇΓöÇΓöÇ
ΓöÇΓöÇΓöÇΓöÇΓöÇΓöÇΓöÇΓöÇΓöÇΓöÇΓöÇΓöÇΓöÇΓ
öÇΓöÇΓöÇΓöÇΓöÇΓöÇΓöÇΓöÇΓöÇΓöÇΓöÇΓöÇΓöÇΓö
ÇΓöÇΓöÇΓöÇΓöÇΓöÇΓöÇΓöÇΓöÇΓöÇΓöÇΓöÇΓöÇΓöÇ
ΓöÇΓöÇΓöÇΓöÇΓöÇΓöÇ
   8 
   9 export const cleanDb = async () => 
{
ΓåÆ 10   await prisma.review.deleteMany(
Authentication failed against the 
database server, the provided database 
credentials for `postgres` are not 
valid[39m
[90m [2mΓ¥»[22m 
Gr.handleRequestError node_modules/@pris
ma/client/src/runtime/RequestHandler.ts:
[2m237:12[22m[39m
[90m [2mΓ¥»[22m 
Gr.handleAndLogRequestError node_modules
/@prisma/client/src/runtime/RequestHandl
er.ts:[2m183:11[22m[39m
[90m [2mΓ¥»[22m Gr.request node_modul
es/@prisma/client/src/runtime/RequestHan
dler.ts:[2m152:11[22m[39m
[90m [2mΓ¥»[22m a node_modules/@prism
a/client/src/runtime/getPrismaClient.ts:
[2m938:23[22m[39m
[36m [2mΓ¥»[22m cleanDb 
src/tests/helpers.ts:[2m10:3[22m[39m
    [90m  8|[39m
    [90m  9|[39m [35mexport[39m 
[35mconst[39m cleanDb [33m=[39m 
[35masync[39m () [33m=>[39m {
    [90m 10|[39m   [35mawait[39m pri
sma[33m.[39mreview[33m.[39m[34mdele
teMany[39m()[33m;[39m
    [90m   |[39m   [31m^[39m
    [90m 11|[39m   [35mawait[39m pri
sma[33m.[39mpayment[33m.[39m[34mdel
eteMany[39m()[33m;[39m
    [90m 12|[39m   [35mawait[39m pri
sma[33m.[39morderItem[33m.[39m[34md
eleteMany[39m()[33m;[39m
[90m [2mΓ¥»[22m src/tests/category.te
st.ts:[2m20:24[22m[39m

[31m[2mΓÄ»ΓÄ»ΓÄ»ΓÄ»ΓÄ»ΓÄ»ΓÄ»ΓÄ»ΓÄ»ΓÄ»Γ
Ä»ΓÄ»ΓÄ»ΓÄ»ΓÄ»ΓÄ»ΓÄ»ΓÄ»ΓÄ»ΓÄ»ΓÄ»ΓÄ»ΓÄ»[6
/18]ΓÄ»[22m[39m

[41m[1m FAIL [22m[49m 
src/tests/order.test.ts[2m [ 
src/tests/order.test.ts ][22m
[31m[1mPrismaClientKnownRequestError[
22m: 
Invalid `prisma.review.deleteMany()` 
invocation in
C:/Users/jarif/OneDrive/Documents/nexcar
t/src/tests/helpers.ts:10:23

   7 // ΓöÇΓöÇΓöÇ DB cleanup ΓöÇΓöÇΓöÇΓö
ÇΓöÇΓöÇΓöÇΓöÇΓöÇΓöÇΓöÇΓöÇΓöÇΓöÇΓöÇΓöÇΓöÇ
ΓöÇΓöÇΓöÇΓöÇΓöÇΓöÇΓöÇΓöÇΓöÇΓöÇΓöÇΓöÇΓöÇΓ
öÇΓöÇΓöÇΓöÇΓöÇΓöÇΓöÇΓöÇΓöÇΓöÇΓöÇΓöÇΓöÇΓö
ÇΓöÇΓöÇΓöÇΓöÇΓöÇΓöÇΓöÇΓöÇΓöÇΓöÇΓöÇΓöÇΓöÇ
ΓöÇΓöÇΓöÇΓöÇΓöÇΓöÇ
   8 
   9 export const cleanDb = async () => 
{
ΓåÆ 10   await prisma.review.deleteMany(
Authentication failed against the 
database server, the provided database 
credentials for `postgres` are not 
valid[39m
[90m [2mΓ¥»[22m 
Gr.handleRequestError node_modules/@pris
ma/client/src/runtime/RequestHandler.ts:
[2m237:12[22m[39m
[90m [2mΓ¥»[22m 
Gr.handleAndLogRequestError node_modules
/@prisma/client/src/runtime/RequestHandl
er.ts:[2m183:11[22m[39m
[90m [2mΓ¥»[22m Gr.request node_modul
es/@prisma/client/src/runtime/RequestHan
dler.ts:[2m152:11[22m[39m
[90m [2mΓ¥»[22m a node_modules/@prism
a/client/src/runtime/getPrismaClient.ts:
[2m938:23[22m[39m
[36m [2mΓ¥»[22m cleanDb 
src/tests/helpers.ts:[2m10:3[22m[39m
    [90m  8|[39m
    [90m  9|[39m [35mexport[39m 
[35mconst[39m cleanDb [33m=[39m 
[35masync[39m () [33m=>[39m {
    [90m 10|[39m   [35mawait[39m pri
sma[33m.[39mreview[33m.[39m[34mdele
teMany[39m()[33m;[39m
    [90m   |[39m   [31m^[39m
    [90m 11|[39m   [35mawait[39m pri
sma[33m.[39mpayment[33m.[39m[34mdel
eteMany[39m()[33m;[39m
    [90m 12|[39m   [35mawait[39m pri
sma[33m.[39morderItem[33m.[39m[34md
eleteMany[39m()[33m;[39m
[90m [2mΓ¥»[22m src/tests/order.test.
ts:[2m12:3[22m[39m

[31m[2mΓÄ»ΓÄ»ΓÄ»ΓÄ»ΓÄ»ΓÄ»ΓÄ»ΓÄ»ΓÄ»ΓÄ»Γ
Ä»ΓÄ»ΓÄ»ΓÄ»ΓÄ»ΓÄ»ΓÄ»ΓÄ»ΓÄ»ΓÄ»ΓÄ»ΓÄ»ΓÄ»[7
/18]ΓÄ»[22m[39m

[41m[1m FAIL [22m[49m 
src/tests/order.test.ts[2m [ 
src/tests/order.test.ts ][22m
[31m[1mPrismaClientKnownRequestError[
22m: 
Invalid `prisma.review.deleteMany()` 
invocation in
C:/Users/jarif/OneDrive/Documents/nexcar
t/src/tests/helpers.ts:10:23

   7 // ΓöÇΓöÇΓöÇ DB cleanup ΓöÇΓöÇΓöÇΓö
ÇΓöÇΓöÇΓöÇΓöÇΓöÇΓöÇΓöÇΓöÇΓöÇΓöÇΓöÇΓöÇΓöÇ
ΓöÇΓöÇΓöÇΓöÇΓöÇΓöÇΓöÇΓöÇΓöÇΓöÇΓöÇΓöÇΓöÇΓ
öÇΓöÇΓöÇΓöÇΓöÇΓöÇΓöÇΓöÇΓöÇΓöÇΓöÇΓöÇΓöÇΓö
ÇΓöÇΓöÇΓöÇΓöÇΓöÇΓöÇΓöÇΓöÇΓöÇΓöÇΓöÇΓöÇΓöÇ
ΓöÇΓöÇΓöÇΓöÇΓöÇΓöÇ
   8 
   9 export const cleanDb = async () => 
{
ΓåÆ 10   await prisma.review.deleteMany(
Authentication failed against the 
database server, the provided database 
credentials for `postgres` are not 
valid[39m
[90m [2mΓ¥»[22m 
Gr.handleRequestError node_modules/@pris
ma/client/src/runtime/RequestHandler.ts:
[2m237:12[22m[39m
[90m [2mΓ¥»[22m 
Gr.handleAndLogRequestError node_modules
/@prisma/client/src/runtime/RequestHandl
er.ts:[2m183:11[22m[39m
[90m [2mΓ¥»[22m Gr.request node_modul
es/@prisma/client/src/runtime/RequestHan
dler.ts:[2m152:11[22m[39m
[90m [2mΓ¥»[22m a node_modules/@prism
a/client/src/runtime/getPrismaClient.ts:
[2m938:23[22m[39m
[36m [2mΓ¥»[22m cleanDb 
src/tests/helpers.ts:[2m10:3[22m[39m
    [90m  8|[39m
    [90m  9|[39m [35mexport[39m 
[35mconst[39m cleanDb [33m=[39m 
[35masync[39m () [33m=>[39m {
    [90m 10|[39m   [35mawait[39m pri
sma[33m.[39mreview[33m.[39m[34mdele
teMany[39m()[33m;[39m
    [90m   |[39m   [31m^[39m
    [90m 11|[39m   [35mawait[39m pri
sma[33m.[39mpayment[33m.[39m[34mdel
eteMany[39m()[33m;[39m
    [90m 12|[39m   [35mawait[39m pri
sma[33m.[39morderItem[33m.[39m[34md
eleteMany[39m()[33m;[39m
[90m [2mΓ¥»[22m src/tests/order.test.
ts:[2m78:24[22m[39m

[31m[2mΓÄ»ΓÄ»ΓÄ»ΓÄ»ΓÄ»ΓÄ»ΓÄ»ΓÄ»ΓÄ»ΓÄ»Γ
Ä»ΓÄ»ΓÄ»ΓÄ»ΓÄ»ΓÄ»ΓÄ»ΓÄ»ΓÄ»ΓÄ»ΓÄ»ΓÄ»ΓÄ»[8
/18]ΓÄ»[22m[39m

[41m[1m FAIL [22m[49m 
src/tests/payment.test.ts[2m [ 
src/tests/payment.test.ts ][22m
[31m[1mPrismaClientKnownRequestError[
22m: 
Invalid `prisma.review.deleteMany()` 
invocation in
C:/Users/jarif/OneDrive/Documents/nexcar
t/src/tests/helpers.ts:10:23

   7 // ΓöÇΓöÇΓöÇ DB cleanup ΓöÇΓöÇΓöÇΓö
ÇΓöÇΓöÇΓöÇΓöÇΓöÇΓöÇΓöÇΓöÇΓöÇΓöÇΓöÇΓöÇΓöÇ
ΓöÇΓöÇΓöÇΓöÇΓöÇΓöÇΓöÇΓöÇΓöÇΓöÇΓöÇΓöÇΓöÇΓ
öÇΓöÇΓöÇΓöÇΓöÇΓöÇΓöÇΓöÇΓöÇΓöÇΓöÇΓöÇΓöÇΓö
ÇΓöÇΓöÇΓöÇΓöÇΓöÇΓöÇΓöÇΓöÇΓöÇΓöÇΓöÇΓöÇΓöÇ
ΓöÇΓöÇΓöÇΓöÇΓöÇΓöÇ
   8 
   9 export const cleanDb = async () => 
{
ΓåÆ 10   await prisma.review.deleteMany(
Authentication failed against the 
database server, the provided database 
credentials for `postgres` are not 
valid[39m
[90m [2mΓ¥»[22m 
Gr.handleRequestError node_modules/@pris
ma/client/src/runtime/RequestHandler.ts:
[2m237:12[22m[39m
[90m [2mΓ¥»[22m 
Gr.handleAndLogRequestError node_modules
/@prisma/client/src/runtime/RequestHandl
er.ts:[2m183:11[22m[39m
[90m [2mΓ¥»[22m Gr.request node_modul
es/@prisma/client/src/runtime/RequestHan
dler.ts:[2m152:11[22m[39m
[90m [2mΓ¥»[22m a node_modules/@prism
a/client/src/runtime/getPrismaClient.ts:
[2m938:23[22m[39m
[36m [2mΓ¥»[22m cleanDb 
src/tests/helpers.ts:[2m10:3[22m[39m
    [90m  8|[39m
    [90m  9|[39m [35mexport[39m 
[35mconst[39m cleanDb [33m=[39m 
[35masync[39m () [33m=>[39m {
    [90m 10|[39m   [35mawait[39m pri
sma[33m.[39mreview[33m.[39m[34mdele
teMany[39m()[33m;[39m
    [90m   |[39m   [31m^[39m
    [90m 11|[39m   [35mawait[39m pri
sma[33m.[39mpayment[33m.[39m[34mdel
eteMany[39m()[33m;[39m
    [90m 12|[39m   [35mawait[39m pri
sma[33m.[39morderItem[33m.[39m[34md
eleteMany[39m()[33m;[39m
[90m [2mΓ¥»[22m src/tests/payment.tes
t.ts:[2m8:3[22m[39m

[31m[2mΓÄ»ΓÄ»ΓÄ»ΓÄ»ΓÄ»ΓÄ»ΓÄ»ΓÄ»ΓÄ»ΓÄ»Γ
Ä»ΓÄ»ΓÄ»ΓÄ»ΓÄ»ΓÄ»ΓÄ»ΓÄ»ΓÄ»ΓÄ»ΓÄ»ΓÄ»ΓÄ»[9
/18]ΓÄ»[22m[39m

[41m[1m FAIL [22m[49m 
src/tests/payment.test.ts[2m [ 
src/tests/payment.test.ts ][22m
[31m[1mPrismaClientKnownRequestError[
22m: 
Invalid `prisma.review.deleteMany()` 
invocation in
C:/Users/jarif/OneDrive/Documents/nexcar
t/src/tests/helpers.ts:10:23

   7 // ΓöÇΓöÇΓöÇ DB cleanup ΓöÇΓöÇΓöÇΓö
ÇΓöÇΓöÇΓöÇΓöÇΓöÇΓöÇΓöÇΓöÇΓöÇΓöÇΓöÇΓöÇΓöÇ
ΓöÇΓöÇΓöÇΓöÇΓöÇΓöÇΓöÇΓöÇΓöÇΓöÇΓöÇΓöÇΓöÇΓ
öÇΓöÇΓöÇΓöÇΓöÇΓöÇΓöÇΓöÇΓöÇΓöÇΓöÇΓöÇΓöÇΓö
ÇΓöÇΓöÇΓöÇΓöÇΓöÇΓöÇΓöÇΓöÇΓöÇΓöÇΓöÇΓöÇΓöÇ
ΓöÇΓöÇΓöÇΓöÇΓöÇΓöÇ
   8 
   9 export const cleanDb = async () => 
{
ΓåÆ 10   await prisma.review.deleteMany(
Authentication failed against the 
database server, the provided database 
credentials for `postgres` are not 
valid[39m
[90m [2mΓ¥»[22m 
Gr.handleRequestError node_modules/@pris
ma/client/src/runtime/RequestHandler.ts:
[2m237:12[22m[39m
[90m [2mΓ¥»[22m 
Gr.handleAndLogRequestError node_modules
/@prisma/client/src/runtime/RequestHandl
er.ts:[2m183:11[22m[39m
[90m [2mΓ¥»[22m Gr.request node_modul
es/@prisma/client/src/runtime/RequestHan
dler.ts:[2m152:11[22m[39m
[90m [2mΓ¥»[22m a node_modules/@prism
a/client/src/runtime/getPrismaClient.ts:
[2m938:23[22m[39m
[36m [2mΓ¥»[22m cleanDb 
src/tests/helpers.ts:[2m10:3[22m[39m
    [90m  8|[39m
    [90m  9|[39m [35mexport[39m 
[35mconst[39m cleanDb [33m=[39m 
[35masync[39m () [33m=>[39m {
    [90m 10|[39m   [35mawait[39m pri
sma[33m.[39mreview[33m.[39m[34mdele
teMany[39m()[33m;[39m
    [90m   |[39m   [31m^[39m
    [90m 11|[39m   [35mawait[39m pri
sma[33m.[39mpayment[33m.[39m[34mdel
eteMany[39m()[33m;[39m
    [90m 12|[39m   [35mawait[39m pri
sma[33m.[39morderItem[33m.[39m[34md
eleteMany[39m()[33m;[39m
[90m [2mΓ¥»[22m src/tests/payment.tes
t.ts:[2m66:24[22m[39m

[31m[2mΓÄ»ΓÄ»ΓÄ»ΓÄ»ΓÄ»ΓÄ»ΓÄ»ΓÄ»ΓÄ»ΓÄ»Γ
Ä»ΓÄ»ΓÄ»ΓÄ»ΓÄ»ΓÄ»ΓÄ»ΓÄ»ΓÄ»ΓÄ»ΓÄ»ΓÄ»[10/1
8]ΓÄ»[22m[39m

[41m[1m FAIL [22m[49m 
src/tests/product.test.ts[2m [ 
src/tests/product.test.ts ][22m
[31m[1mPrismaClientKnownRequestError[
22m: 
Invalid `prisma.review.deleteMany()` 
invocation in
C:/Users/jarif/OneDrive/Documents/nexcar
t/src/tests/helpers.ts:10:23

   7 // ΓöÇΓöÇΓöÇ DB cleanup ΓöÇΓöÇΓöÇΓö
ÇΓöÇΓöÇΓöÇΓöÇΓöÇΓöÇΓöÇΓöÇΓöÇΓöÇΓöÇΓöÇΓöÇ
ΓöÇΓöÇΓöÇΓöÇΓöÇΓöÇΓöÇΓöÇΓöÇΓöÇΓöÇΓöÇΓöÇΓ
öÇΓöÇΓöÇΓöÇΓöÇΓöÇΓöÇΓöÇΓöÇΓöÇΓöÇΓöÇΓöÇΓö
ÇΓöÇΓöÇΓöÇΓöÇΓöÇΓöÇΓöÇΓöÇΓöÇΓöÇΓöÇΓöÇΓöÇ
ΓöÇΓöÇΓöÇΓöÇΓöÇΓöÇ
   8 
   9 export const cleanDb = async () => 
{
ΓåÆ 10   await prisma.review.deleteMany(
Authentication failed against the 
database server, the provided database 
credentials for `postgres` are not 
valid[39m
[90m [2mΓ¥»[22m 
Gr.handleRequestError node_modules/@pris
ma/client/src/runtime/RequestHandler.ts:
[2m237:12[22m[39m
[90m [2mΓ¥»[22m 
Gr.handleAndLogRequestError node_modules
/@prisma/client/src/runtime/RequestHandl
er.ts:[2m183:11[22m[39m
[90m [2mΓ¥»[22m Gr.request node_modul
es/@prisma/client/src/runtime/RequestHan
dler.ts:[2m152:11[22m[39m
[90m [2mΓ¥»[22m a node_modules/@prism
a/client/src/runtime/getPrismaClient.ts:
[2m938:23[22m[39m
[36m [2mΓ¥»[22m cleanDb 
src/tests/helpers.ts:[2m10:3[22m[39m
    [90m  8|[39m
    [90m  9|[39m [35mexport[39m 
[35mconst[39m cleanDb [33m=[39m 
[35masync[39m () [33m=>[39m {
    [90m 10|[39m   [35mawait[39m pri
sma[33m.[39mreview[33m.[39m[34mdele
teMany[39m()[33m;[39m
    [90m   |[39m   [31m^[39m
    [90m 11|[39m   [35mawait[39m pri
sma[33m.[39mpayment[33m.[39m[34mdel
eteMany[39m()[33m;[39m
    [90m 12|[39m   [35mawait[39m pri
sma[33m.[39morderItem[33m.[39m[34md
eleteMany[39m()[33m;[39m
[90m [2mΓ¥»[22m src/tests/product.tes
t.ts:[2m11:3[22m[39m

[31m[2mΓÄ»ΓÄ»ΓÄ»ΓÄ»ΓÄ»ΓÄ»ΓÄ»ΓÄ»ΓÄ»ΓÄ»Γ
Ä»ΓÄ»ΓÄ»ΓÄ»ΓÄ»ΓÄ»ΓÄ»ΓÄ»ΓÄ»ΓÄ»ΓÄ»ΓÄ»[11/1
8]ΓÄ»[22m[39m

[41m[1m FAIL [22m[49m 
src/tests/product.test.ts[2m [ 
src/tests/product.test.ts ][22m
[31m[1mPrismaClientKnownRequestError[
22m: 
Invalid `prisma.review.deleteMany()` 
invocation in
C:/Users/jarif/OneDrive/Documents/nexcar
t/src/tests/helpers.ts:10:23

   7 // ΓöÇΓöÇΓöÇ DB cleanup ΓöÇΓöÇΓöÇΓö
ÇΓöÇΓöÇΓöÇΓöÇΓöÇΓöÇΓöÇΓöÇΓöÇΓöÇΓöÇΓöÇΓöÇ
ΓöÇΓöÇΓöÇΓöÇΓöÇΓöÇΓöÇΓöÇΓöÇΓöÇΓöÇΓöÇΓöÇΓ
öÇΓöÇΓöÇΓöÇΓöÇΓöÇΓöÇΓöÇΓöÇΓöÇΓöÇΓöÇΓöÇΓö
ÇΓöÇΓöÇΓöÇΓöÇΓöÇΓöÇΓöÇΓöÇΓöÇΓöÇΓöÇΓöÇΓöÇ
ΓöÇΓöÇΓöÇΓöÇΓöÇΓöÇ
   8 
   9 export const cleanDb = async () => 
{
ΓåÆ 10   await prisma.review.deleteMany(
Authentication failed against the 
database server, the provided database 
credentials for `postgres` are not 
valid[39m
[90m [2mΓ¥»[22m 
Gr.handleRequestError node_modules/@pris
ma/client/src/runtime/RequestHandler.ts:
[2m237:12[22m[39m
[90m [2mΓ¥»[22m 
Gr.handleAndLogRequestError node_modules
/@prisma/client/src/runtime/RequestHandl
er.ts:[2m183:11[22m[39m
[90m [2mΓ¥»[22m Gr.request node_modul
es/@prisma/client/src/runtime/RequestHan
dler.ts:[2m152:11[22m[39m
[90m [2mΓ¥»[22m a node_modules/@prism
a/client/src/runtime/getPrismaClient.ts:
[2m938:23[22m[39m
[36m [2mΓ¥»[22m cleanDb 
src/tests/helpers.ts:[2m10:3[22m[39m
    [90m  8|[39m
    [90m  9|[39m [35mexport[39m 
[35mconst[39m cleanDb [33m=[39m 
[35masync[39m () [33m=>[39m {
    [90m 10|[39m   [35mawait[39m pri
sma[33m.[39mreview[33m.[39m[34mdele
teMany[39m()[33m;[39m
    [90m   |[39m   [31m^[39m
    [90m 11|[39m   [35mawait[39m pri
sma[33m.[39mpayment[33m.[39m[34mdel
eteMany[39m()[33m;[39m
    [90m 12|[39m   [35mawait[39m pri
sma[33m.[39morderItem[33m.[39m[34md
eleteMany[39m()[33m;[39m
[90m [2mΓ¥»[22m src/tests/product.tes
t.ts:[2m41:24[22m[39m

[31m[2mΓÄ»ΓÄ»ΓÄ»ΓÄ»ΓÄ»ΓÄ»ΓÄ»ΓÄ»ΓÄ»ΓÄ»Γ
Ä»ΓÄ»ΓÄ»ΓÄ»ΓÄ»ΓÄ»ΓÄ»ΓÄ»ΓÄ»ΓÄ»ΓÄ»ΓÄ»[12/1
8]ΓÄ»[22m[39m

[41m[1m FAIL [22m[49m 
src/tests/review.test.ts[2m [ 
src/tests/review.test.ts ][22m
[31m[1mPrismaClientKnownRequestError[
22m: 
Invalid `prisma.review.deleteMany()` 
invocation in
C:/Users/jarif/OneDrive/Documents/nexcar
t/src/tests/helpers.ts:10:23

   7 // ΓöÇΓöÇΓöÇ DB cleanup ΓöÇΓöÇΓöÇΓö
ÇΓöÇΓöÇΓöÇΓöÇΓöÇΓöÇΓöÇΓöÇΓöÇΓöÇΓöÇΓöÇΓöÇ
ΓöÇΓöÇΓöÇΓöÇΓöÇΓöÇΓöÇΓöÇΓöÇΓöÇΓöÇΓöÇΓöÇΓ
öÇΓöÇΓöÇΓöÇΓöÇΓöÇΓöÇΓöÇΓöÇΓöÇΓöÇΓöÇΓöÇΓö
ÇΓöÇΓöÇΓöÇΓöÇΓöÇΓöÇΓöÇΓöÇΓöÇΓöÇΓöÇΓöÇΓöÇ
ΓöÇΓöÇΓöÇΓöÇΓöÇΓöÇ
   8 
   9 export const cleanDb = async () => 
{
ΓåÆ 10   await prisma.review.deleteMany(
Authentication failed against the 
database server, the provided database 
credentials for `postgres` are not 
valid[39m
[90m [2mΓ¥»[22m 
Gr.handleRequestError node_modules/@pris
ma/client/src/runtime/RequestHandler.ts:
[2m237:12[22m[39m
[90m [2mΓ¥»[22m 
Gr.handleAndLogRequestError node_modules
/@prisma/client/src/runtime/RequestHandl
er.ts:[2m183:11[22m[39m
[90m [2mΓ¥»[22m Gr.request node_modul
es/@prisma/client/src/runtime/RequestHan
dler.ts:[2m152:11[22m[39m
[90m [2mΓ¥»[22m a node_modules/@prism
a/client/src/runtime/getPrismaClient.ts:
[2m938:23[22m[39m
[36m [2mΓ¥»[22m cleanDb 
src/tests/helpers.ts:[2m10:3[22m[39m
    [90m  8|[39m
    [90m  9|[39m [35mexport[39m 
[35mconst[39m cleanDb [33m=[39m 
[35masync[39m () [33m=>[39m {
    [90m 10|[39m   [35mawait[39m pri
sma[33m.[39mreview[33m.[39m[34mdele
teMany[39m()[33m;[39m
    [90m   |[39m   [31m^[39m
    [90m 11|[39m   [35mawait[39m pri
sma[33m.[39mpayment[33m.[39m[34mdel
eteMany[39m()[33m;[39m
    [90m 12|[39m   [35mawait[39m pri
sma[33m.[39morderItem[33m.[39m[34md
eleteMany[39m()[33m;[39m
[90m [2mΓ¥»[22m src/tests/review.test
.ts:[2m10:3[22m[39m

[31m[2mΓÄ»ΓÄ»ΓÄ»ΓÄ»ΓÄ»ΓÄ»ΓÄ»ΓÄ»ΓÄ»ΓÄ»Γ
Ä»ΓÄ»ΓÄ»ΓÄ»ΓÄ»ΓÄ»ΓÄ»ΓÄ»ΓÄ»ΓÄ»ΓÄ»ΓÄ»[13/1
8]ΓÄ»[22m[39m

[41m[1m FAIL [22m[49m 
src/tests/review.test.ts[2m [ 
src/tests/review.test.ts ][22m
[31m[1mPrismaClientKnownRequestError[
22m: 
Invalid `prisma.review.deleteMany()` 
invocation in
C:/Users/jarif/OneDrive/Documents/nexcar
t/src/tests/helpers.ts:10:23

   7 // ΓöÇΓöÇΓöÇ DB cleanup ΓöÇΓöÇΓöÇΓö
ÇΓöÇΓöÇΓöÇΓöÇΓöÇΓöÇΓöÇΓöÇΓöÇΓöÇΓöÇΓöÇΓöÇ
ΓöÇΓöÇΓöÇΓöÇΓöÇΓöÇΓöÇΓöÇΓöÇΓöÇΓöÇΓöÇΓöÇΓ
öÇΓöÇΓöÇΓöÇΓöÇΓöÇΓöÇΓöÇΓöÇΓöÇΓöÇΓöÇΓöÇΓö
ÇΓöÇΓöÇΓöÇΓöÇΓöÇΓöÇΓöÇΓöÇΓöÇΓöÇΓöÇΓöÇΓöÇ
ΓöÇΓöÇΓöÇΓöÇΓöÇΓöÇ
   8 
   9 export const cleanDb = async () => 
{
ΓåÆ 10   await prisma.review.deleteMany(
Authentication failed against the 
database server, the provided database 
credentials for `postgres` are not 
valid[39m
[90m [2mΓ¥»[22m 
Gr.handleRequestError node_modules/@pris
ma/client/src/runtime/RequestHandler.ts:
[2m237:12[22m[39m
[90m [2mΓ¥»[22m 
Gr.handleAndLogRequestError node_modules
/@prisma/client/src/runtime/RequestHandl
er.ts:[2m183:11[22m[39m
[90m [2mΓ¥»[22m Gr.request node_modul
es/@prisma/client/src/runtime/RequestHan
dler.ts:[2m152:11[22m[39m
[90m [2mΓ¥»[22m a node_modules/@prism
a/client/src/runtime/getPrismaClient.ts:
[2m938:23[22m[39m
[36m [2mΓ¥»[22m cleanDb 
src/tests/helpers.ts:[2m10:3[22m[39m
    [90m  8|[39m
    [90m  9|[39m [35mexport[39m 
[35mconst[39m cleanDb [33m=[39m 
[35masync[39m () [33m=>[39m {
    [90m 10|[39m   [35mawait[39m pri
sma[33m.[39mreview[33m.[39m[34mdele
teMany[39m()[33m;[39m
    [90m   |[39m   [31m^[39m
    [90m 11|[39m   [35mawait[39m pri
sma[33m.[39mpayment[33m.[39m[34mdel
eteMany[39m()[33m;[39m
    [90m 12|[39m   [35mawait[39m pri
sma[33m.[39morderItem[33m.[39m[34md
eleteMany[39m()[33m;[39m
[90m [2mΓ¥»[22m src/tests/review.test
.ts:[2m53:24[22m[39m

[31m[2mΓÄ»ΓÄ»ΓÄ»ΓÄ»ΓÄ»ΓÄ»ΓÄ»ΓÄ»ΓÄ»ΓÄ»Γ
Ä»ΓÄ»ΓÄ»ΓÄ»ΓÄ»ΓÄ»ΓÄ»ΓÄ»ΓÄ»ΓÄ»ΓÄ»ΓÄ»[14/1
8]ΓÄ»[22m[39m

[41m[1m FAIL [22m[49m 
src/tests/shop.test.ts[2m [ 
src/tests/shop.test.ts ][22m
[31m[1mPrismaClientKnownRequestError[
22m: 
Invalid `prisma.review.deleteMany()` 
invocation in
C:/Users/jarif/OneDrive/Documents/nexcar
t/src/tests/helpers.ts:10:23

   7 // ΓöÇΓöÇΓöÇ DB cleanup ΓöÇΓöÇΓöÇΓö
ÇΓöÇΓöÇΓöÇΓöÇΓöÇΓöÇΓöÇΓöÇΓöÇΓöÇΓöÇΓöÇΓöÇ
ΓöÇΓöÇΓöÇΓöÇΓöÇΓöÇΓöÇΓöÇΓöÇΓöÇΓöÇΓöÇΓöÇΓ
öÇΓöÇΓöÇΓöÇΓöÇΓöÇΓöÇΓöÇΓöÇΓöÇΓöÇΓöÇΓöÇΓö
ÇΓöÇΓöÇΓöÇΓöÇΓöÇΓöÇΓöÇΓöÇΓöÇΓöÇΓöÇΓöÇΓöÇ
ΓöÇΓöÇΓöÇΓöÇΓöÇΓöÇ
   8 
   9 export const cleanDb = async () => 
{
ΓåÆ 10   await prisma.review.deleteMany(
Authentication failed against the 
database server, the provided database 
credentials for `postgres` are not 
valid[39m
[90m [2mΓ¥»[22m 
Gr.handleRequestError node_modules/@pris
ma/client/src/runtime/RequestHandler.ts:
[2m237:12[22m[39m
[90m [2mΓ¥»[22m 
Gr.handleAndLogRequestError node_modules
/@prisma/client/src/runtime/RequestHandl
er.ts:[2m183:11[22m[39m
[90m [2mΓ¥»[22m Gr.request node_modul
es/@prisma/client/src/runtime/RequestHan
dler.ts:[2m152:11[22m[39m
[90m [2mΓ¥»[22m a node_modules/@prism
a/client/src/runtime/getPrismaClient.ts:
[2m938:23[22m[39m
[36m [2mΓ¥»[22m cleanDb 
src/tests/helpers.ts:[2m10:3[22m[39m
    [90m  8|[39m
    [90m  9|[39m [35mexport[39m 
[35mconst[39m cleanDb [33m=[39m 
[35masync[39m () [33m=>[39m {
    [90m 10|[39m   [35mawait[39m pri
sma[33m.[39mreview[33m.[39m[34mdele
teMany[39m()[33m;[39m
    [90m   |[39m   [31m^[39m
    [90m 11|[39m   [35mawait[39m pri
sma[33m.[39mpayment[33m.[39m[34mdel
eteMany[39m()[33m;[39m
    [90m 12|[39m   [35mawait[39m pri
sma[33m.[39morderItem[33m.[39m[34md
eleteMany[39m()[33m;[39m
[90m [2mΓ¥»[22m src/tests/shop.test.t
s:[2m10:3[22m[39m

[31m[2mΓÄ»ΓÄ»ΓÄ»ΓÄ»ΓÄ»ΓÄ»ΓÄ»ΓÄ»ΓÄ»ΓÄ»Γ
Ä»ΓÄ»ΓÄ»ΓÄ»ΓÄ»ΓÄ»ΓÄ»ΓÄ»ΓÄ»ΓÄ»ΓÄ»ΓÄ»[15/1
8]ΓÄ»[22m[39m

[41m[1m FAIL [22m[49m 
src/tests/shop.test.ts[2m [ 
src/tests/shop.test.ts ][22m
[31m[1mPrismaClientKnownRequestError[
22m: 
Invalid `prisma.review.deleteMany()` 
invocation in
C:/Users/jarif/OneDrive/Documents/nexcar
t/src/tests/helpers.ts:10:23

   7 // ΓöÇΓöÇΓöÇ DB cleanup ΓöÇΓöÇΓöÇΓö
ÇΓöÇΓöÇΓöÇΓöÇΓöÇΓöÇΓöÇΓöÇΓöÇΓöÇΓöÇΓöÇΓöÇ
ΓöÇΓöÇΓöÇΓöÇΓöÇΓöÇΓöÇΓöÇΓöÇΓöÇΓöÇΓöÇΓöÇΓ
öÇΓöÇΓöÇΓöÇΓöÇΓöÇΓöÇΓöÇΓöÇΓöÇΓöÇΓöÇΓöÇΓö
ÇΓöÇΓöÇΓöÇΓöÇΓöÇΓöÇΓöÇΓöÇΓöÇΓöÇΓöÇΓöÇΓöÇ
ΓöÇΓöÇΓöÇΓöÇΓöÇΓöÇ
   8 
   9 export const cleanDb = async () => 
{
ΓåÆ 10   await prisma.review.deleteMany(
Authentication failed against the 
database server, the provided database 
credentials for `postgres` are not 
valid[39m
[90m [2mΓ¥»[22m 
Gr.handleRequestError node_modules/@pris
ma/client/src/runtime/RequestHandler.ts:
[2m237:12[22m[39m
[90m [2mΓ¥»[22m 
Gr.handleAndLogRequestError node_modules
/@prisma/client/src/runtime/RequestHandl
er.ts:[2m183:11[22m[39m
[90m [2mΓ¥»[22m Gr.request node_modul
es/@prisma/client/src/runtime/RequestHan
dler.ts:[2m152:11[22m[39m
[90m [2mΓ¥»[22m a node_modules/@prism
a/client/src/runtime/getPrismaClient.ts:
[2m938:23[22m[39m

[2m Test Files [22m [1m[31m9 failed[39m[22m[90m (9)[39m
[2m      Tests [22m [33m80 skipped[39m[90m (80)[39m
[2m   Start at [22m 20:02:24
[2m   Duration [22m 9.53s[2m (transform 454ms, setup 0ms, import 5.41s, tests 1.75s, environment 1ms)[22m

[36m [2mΓ¥»[22m cleanDb 
src/tests/helpers.ts:[2m10:3[22m[39m
    [90m  8|[39m
    [90m  9|[39m [35mexport[39m 
[35mconst[39m cleanDb [33m=[39m 
[35masync[39m () [33m=>[39m {
    [90m 10|[39m   [35mawait[39m pri
sma[33m.[39mreview[33m.[39m[34mdele
teMany[39m()[33m;[39m
    [90m   |[39m   [31m^[39m
    [90m 11|[39m   [35mawait[39m pri
sma[33m.[39mpayment[33m.[39m[34mdel
eteMany[39m()[33m;[39m
    [90m 12|[39m   [35mawait[39m pri
sma[33m.[39morderItem[33m.[39m[34md
eleteMany[39m()[33m;[39m
[90m [2mΓ¥»[22m src/tests/shop.test.t
s:[2m22:24[22m[39m

[31m[2mΓÄ»ΓÄ»ΓÄ»ΓÄ»ΓÄ»ΓÄ»ΓÄ»ΓÄ»ΓÄ»ΓÄ»Γ
Ä»ΓÄ»ΓÄ»ΓÄ»ΓÄ»ΓÄ»ΓÄ»ΓÄ»ΓÄ»ΓÄ»ΓÄ»ΓÄ»[16/1
8]ΓÄ»[22m[39m

[41m[1m FAIL [22m[49m 
src/tests/users.test.ts[2m [ 
src/tests/users.test.ts ][22m
[31m[1mPrismaClientKnownRequestError[
22m: 
Invalid `prisma.review.deleteMany()` 
invocation in
C:/Users/jarif/OneDrive/Documents/nexcar
t/src/tests/helpers.ts:10:23

   7 // ΓöÇΓöÇΓöÇ DB cleanup ΓöÇΓöÇΓöÇΓö
ÇΓöÇΓöÇΓöÇΓöÇΓöÇΓöÇΓöÇΓöÇΓöÇΓöÇΓöÇΓöÇΓöÇ
ΓöÇΓöÇΓöÇΓöÇΓöÇΓöÇΓöÇΓöÇΓöÇΓöÇΓöÇΓöÇΓöÇΓ
öÇΓöÇΓöÇΓöÇΓöÇΓöÇΓöÇΓöÇΓöÇΓöÇΓöÇΓöÇΓöÇΓö
ÇΓöÇΓöÇΓöÇΓöÇΓöÇΓöÇΓöÇΓöÇΓöÇΓöÇΓöÇΓöÇΓöÇ
ΓöÇΓöÇΓöÇΓöÇΓöÇΓöÇ
   8 
   9 export const cleanDb = async () => 
{
ΓåÆ 10   await prisma.review.deleteMany(
Authentication failed against the 
database server, the provided database 
credentials for `postgres` are not 
valid[39m
[90m [2mΓ¥»[22m 
Gr.handleRequestError node_modules/@pris
ma/client/src/runtime/RequestHandler.ts:
[2m237:12[22m[39m
[90m [2mΓ¥»[22m 
Gr.handleAndLogRequestError node_modules
/@prisma/client/src/runtime/RequestHandl
er.ts:[2m183:11[22m[39m
[90m [2mΓ¥»[22m Gr.request node_modul
es/@prisma/client/src/runtime/RequestHan
dler.ts:[2m152:11[22m[39m
[90m [2mΓ¥»[22m a node_modules/@prism
a/client/src/runtime/getPrismaClient.ts:
[2m938:23[22m[39m
[36m [2mΓ¥»[22m cleanDb 
src/tests/helpers.ts:[2m10:3[22m[39m
    [90m  8|[39m
    [90m  9|[39m [35mexport[39m 
[35mconst[39m cleanDb [33m=[39m 
[35masync[39m () [33m=>[39m {
    [90m 10|[39m   [35mawait[39m pri
sma[33m.[39mreview[33m.[39m[34mdele
teMany[39m()[33m;[39m
    [90m   |[39m   [31m^[39m
    [90m 11|[39m   [35mawait[39m pri
sma[33m.[39mpayment[33m.[39m[34mdel
eteMany[39m()[33m;[39m
    [90m 12|[39m   [35mawait[39m pri
sma[33m.[39morderItem[33m.[39m[34md
eleteMany[39m()[33m;[39m
[90m [2mΓ¥»[22m src/tests/users.test.
ts:[2m7:3[22m[39m

[31m[2mΓÄ»ΓÄ»ΓÄ»ΓÄ»ΓÄ»ΓÄ»ΓÄ»ΓÄ»ΓÄ»ΓÄ»Γ
Ä»ΓÄ»ΓÄ»ΓÄ»ΓÄ»ΓÄ»ΓÄ»ΓÄ»ΓÄ»ΓÄ»ΓÄ»ΓÄ»[17/1
8]ΓÄ»[22m[39m

[41m[1m FAIL [22m[49m 
src/tests/users.test.ts[2m [ 
src/tests/users.test.ts ][22m
[31m[1mPrismaClientKnownRequestError[
22m: 
Invalid `prisma.review.deleteMany()` 
invocation in
C:/Users/jarif/OneDrive/Documents/nexcar
t/src/tests/helpers.ts:10:23

   7 // ΓöÇΓöÇΓöÇ DB cleanup ΓöÇΓöÇΓöÇΓö
ÇΓöÇΓöÇΓöÇΓöÇΓöÇΓöÇΓöÇΓöÇΓöÇΓöÇΓöÇΓöÇΓöÇ
ΓöÇΓöÇΓöÇΓöÇΓöÇΓöÇΓöÇΓöÇΓöÇΓöÇΓöÇΓöÇΓöÇΓ
öÇΓöÇΓöÇΓöÇΓöÇΓöÇΓöÇΓöÇΓöÇΓöÇΓöÇΓöÇΓöÇΓö
ÇΓöÇΓöÇΓöÇΓöÇΓöÇΓöÇΓöÇΓöÇΓöÇΓöÇΓöÇΓöÇΓöÇ
ΓöÇΓöÇΓöÇΓöÇΓöÇΓöÇ
   8 
   9 export const cleanDb = async () => 
{
ΓåÆ 10   await prisma.review.deleteMany(
Authentication failed against the 
database server, the provided database 
credentials for `postgres` are not 
valid[39m
[90m [2mΓ¥»[22m 
Gr.handleRequestError node_modules/@pris
ma/client/src/runtime/RequestHandler.ts:
[2m237:12[22m[39m
[90m [2mΓ¥»[22m 
Gr.handleAndLogRequestError node_modules
/@prisma/client/src/runtime/RequestHandl
er.ts:[2m183:11[22m[39m
[90m [2mΓ¥»[22m Gr.request node_modul
es/@prisma/client/src/runtime/RequestHan
dler.ts:[2m152:11[22m[39m
[90m [2mΓ¥»[22m a node_modules/@prism
a/client/src/runtime/getPrismaClient.ts:
[2m938:23[22m[39m
[36m [2mΓ¥»[22m cleanDb 
src/tests/helpers.ts:[2m10:3[22m[39m
    [90m  8|[39m
    [90m  9|[39m [35mexport[39m 
[35mconst[39m cleanDb [33m=[39m 
[35masync[39m () [33m=>[39m {
    [90m 10|[39m   [35mawait[39m pri
sma[33m.[39mreview[33m.[39m[34mdele
teMany[39m()[33m;[39m
    [90m   |[39m   [31m^[39m
    [90m 11|[39m   [35mawait[39m pri
sma[33m.[39mpayment[33m.[39m[34mdel
eteMany[39m()[33m;[39m
    [90m 12|[39m   [35mawait[39m pri
sma[33m.[39morderItem[33m.[39m[34md
eleteMany[39m()[33m;[39m
[90m [2mΓ¥»[22m src/tests/users.test.
ts:[2m11:24[22m[39m

[31m[2mΓÄ»ΓÄ»ΓÄ»ΓÄ»ΓÄ»ΓÄ»ΓÄ»ΓÄ»ΓÄ»ΓÄ»Γ
Ä»ΓÄ»ΓÄ»ΓÄ»ΓÄ»ΓÄ»ΓÄ»ΓÄ»ΓÄ»ΓÄ»ΓÄ»ΓÄ»[18/1
8]ΓÄ»[22m[39m

